[Fri Aug 14 06:57:43 2026] PHP 8.3.6 Development Server (http://localhost:8000) started
[Fri Aug 14 06:57:46 2026] [::1]:54146 Accepted
[Fri Aug 14 06:57:46 2026] [::1]:54146 [200]: GET /api/popular.php
[Fri Aug 14 06:57:46 2026] [::1]:54146 Closing
[Fri Aug 14 06:57:49 2026] [::1]:54152 Accepted
[Fri Aug 14 06:57:49 2026] [::1]:54152 [200]: GET /api/profile.php
[Fri Aug 14 06:57:49 2026] [::1]:54152 Closing
[Fri Aug 14 06:57:53 2026] [::1]:54164 Accepted
[Fri Aug 14 06:57:53 2026] [::1]:54164 [404]: GET /api/nonexistent.php - No such file or directory
[Fri Aug 14 06:57:53 2026] [::1]:54164 Closing
[Fri Aug 14 06:58:03 2026] [::1]:37896 Accepted
[Fri Aug 14 06:58:03 2026] [::1]:37896 [200]: GET /api/popular.php?period=today
[Fri Aug 14 06:58:03 2026] [::1]:37896 Closing
[Fri Aug 14 06:58:27 2026] [::1]:53256 Accepted
[Fri Aug 14 06:58:27 2026] [::1]:53256 [200]: GET /api/categories.php
[Fri Aug 14 06:58:27 2026] [::1]:53256 Closing
[Fri Aug 14 06:58:32 2026] [::1]:53266 Accepted
[Fri Aug 14 06:58:32 2026] [::1]:53266 [200]: GET /api/comics.php
[Fri Aug 14 06:58:32 2026] [::1]:53266 Closing
[Fri Aug 14 07:15:40 2026] [::1]:39384 Accepted
[Fri Aug 14 07:15:40 2026] [::1]:39384 [200]: GET /api/popular.php
[Fri Aug 14 07:15:40 2026] [::1]:39384 Closing
[Fri Aug 14 07:15:40 2026] [::1]:39394 Accepted
[Fri Aug 14 07:15:40 2026] [::1]:39394 [200]: GET /api/profile.php
[Fri Aug 14 07:15:40 2026] [::1]:39394 Closing
[Fri Aug 14 07:16:19 2026] [::1]:39342 Accepted
[Fri Aug 14 07:16:19 2026] [::1]:39342 [500]: GET /api/popular.php
[Fri Aug 14 07:16:19 2026] [::1]:39342 Closing
[Fri Aug 14 07:16:34 2026] [::1]:35744 Accepted
[Fri Aug 14 07:16:34 2026] [::1]:35744 [200]: GET /api/popular.php
[Fri Aug 14 07:16:34 2026] [::1]:35744 Closing
[Fri Aug 14 07:26:04 2026] [::1]:48914 Accepted
[Fri Aug 14 07:26:04 2026] [::1]:48914 [200]: GET /api/categories.php
[Fri Aug 14 07:26:04 2026] [::1]:48914 Closing
[Fri Aug 14 07:26:04 2026] [::1]:48926 Accepted
[Fri Aug 14 07:26:04 2026] [::1]:48926 [200]: GET /api/comics.php
[Fri Aug 14 07:26:04 2026] [::1]:48926 Closing
