[Thu Aug 13 20:42:58 2026] PHP 8.3.6 Development Server (http://localhost:8000) started
[Thu Aug 13 20:43:26 2026] [::1]:46408 Accepted
[Thu Aug 13 20:43:26 2026] [::1]:46408 [200]: GET /detail.html?id=1
[Thu Aug 13 20:43:26 2026] [::1]:46408 Closing
[Thu Aug 13 20:43:26 2026] [::1]:46424 Accepted
[Thu Aug 13 20:43:26 2026] [::1]:46430 Accepted
[Thu Aug 13 20:43:26 2026] [::1]:46440 Accepted
[Thu Aug 13 20:43:26 2026] [::1]:46424 [200]: GET /js/notification_bell.js
[Thu Aug 13 20:43:26 2026] [::1]:46430 [200]: GET /js/app.js
[Thu Aug 13 20:43:26 2026] [::1]:46424 Closing
[Thu Aug 13 20:43:26 2026] [::1]:46440 [200]: GET /js/detail.js
[Thu Aug 13 20:43:26 2026] [::1]:46430 Closing
[Thu Aug 13 20:43:26 2026] [::1]:46440 Closing
[Thu Aug 13 20:43:27 2026] [::1]:46452 Accepted
[Thu Aug 13 20:43:27 2026] [::1]:46460 Accepted
[Thu Aug 13 20:43:27 2026] PHP Fatal error:  Uncaught PDOException: SQLSTATE[42S22]: Column not found: 1054 Unknown column 'r.is_read' in 'WHERE' in /app/api/notifications.php:22
Stack trace:
#0 /app/api/notifications.php(22): PDO->prepare()
#1 {main}
  thrown in /app/api/notifications.php on line 22
[Thu Aug 13 20:43:27 2026] [::1]:46452 [500]: GET /api/notifications.php?action=count - Uncaught PDOException: SQLSTATE[42S22]: Column not found: 1054 Unknown column 'r.is_read' in 'WHERE' in /app/api/notifications.php:22
Stack trace:
#0 /app/api/notifications.php(22): PDO->prepare()
#1 {main}
  thrown in /app/api/notifications.php on line 22
[Thu Aug 13 20:43:27 2026] [::1]:46452 Closing
[Thu Aug 13 20:43:27 2026] [::1]:46464 Accepted
[Thu Aug 13 20:43:27 2026] [::1]:46460 [200]: GET /api/profile.php
[Thu Aug 13 20:43:27 2026] [::1]:46460 Closing
[Thu Aug 13 20:43:27 2026] [::1]:46466 Accepted
[Thu Aug 13 20:43:27 2026] [::1]:46464 [200]: GET /api/comics.php?id=1
[Thu Aug 13 20:43:27 2026] [::1]:46464 Closing
[Thu Aug 13 20:43:27 2026] [::1]:46482 Accepted
[Thu Aug 13 20:43:27 2026] [::1]:46466 [200]: GET /api/bookmarks.php?comic_id=1
[Thu Aug 13 20:43:27 2026] [::1]:46466 Closing
[Thu Aug 13 20:43:27 2026] [::1]:46488 Accepted
[Thu Aug 13 20:43:27 2026] [::1]:46482 [200]: GET /api/chapters.php?comic_id=1
[Thu Aug 13 20:43:27 2026] [::1]:46482 Closing
[Thu Aug 13 20:43:27 2026] [::1]:46502 Accepted
[Thu Aug 13 20:43:27 2026] [::1]:46488 [200]: GET /api/history.php?comic_id=1
[Thu Aug 13 20:43:27 2026] [::1]:46488 Closing
[Thu Aug 13 20:43:27 2026] [::1]:46506 Accepted
[Thu Aug 13 20:43:27 2026] [::1]:46502 [200]: GET /api/reviews.php?comic_id=1
[Thu Aug 13 20:43:27 2026] [::1]:46502 Closing
[Thu Aug 13 20:43:27 2026] [::1]:46506 [200]: GET /api/profile.php
[Thu Aug 13 20:43:27 2026] [::1]:46506 Closing
